{
  "version": "1.5.0",
  "plugins_used": [
    {
      "name": "ArtifactoryDetector"
    },
    {
      "name": "AWSKeyDetector"
    },
    {
      "name": "AzureStorageKeyDetector"
    },
    {
      "name": "Base64HighEntropyString",
      "limit": 4.5
    },
    {
      "name": "BasicAuthDetector"
    },
    {
      "name": "CloudantDetector"
    },
    {
      "name": "DiscordBotTokenDetector"
    },
    {
      "name": "GitHubTokenDetector"
    },
    {
      "name": "HexHighEntropyString",
      "limit": 3.0
    },
    {
      "name": "IbmCloudIamDetector"
    },
    {
      "name": "IbmCosHmacDetector"
    },
    {
      "name": "JwtTokenDetector"
    },
    {
      "name": "KeywordDetector",
      "keyword_exclude": ""
    },
    {
      "name": "MailchimpDetector"
    },
    {
      "name": "NpmDetector"
    },
    {
      "name": "PrivateKeyDetector"
    },
    {
      "name": "SendGridDetector"
    },
    {
      "name": "SlackDetector"
    },
    {
      "name": "SoftlayerDetector"
    },
    {
      "name": "SquareOAuthDetector"
    },
    {
      "name": "StripeDetector"
    },
    {
      "name": "TwilioKeyDetector"
    }
  ],
  "filters_used": [
    {
      "path": "detect_secrets.filters.allowlist.is_line_allowlisted"
    },
    {
      "path": "detect_secrets.filters.common.is_baseline_file",
      "filename": ".secrets.baseline"
    },
    {
      "path": "detect_secrets.filters.common.is_ignored_due_to_verification_policies",
      "min_level": 2
    },
    {
      "path": "detect_secrets.filters.heuristic.is_indirect_reference"
    },
    {
      "path": "detect_secrets.filters.heuristic.is_likely_id_string"
    },
    {
      "path": "detect_secrets.filters.heuristic.is_lock_file"
    },
    {
      "path": "detect_secrets.filters.heuristic.is_not_alphanumeric_string"
    },
    {
      "path": "detect_secrets.filters.heuristic.is_potential_uuid"
    },
    {
      "path": "detect_secrets.filters.heuristic.is_prefixed_with_dollar_sign"
    },
    {
      "path": "detect_secrets.filters.heuristic.is_sequential_string"
    },
    {
      "path": "detect_secrets.filters.heuristic.is_swagger_file"
    },
    {
      "path": "detect_secrets.filters.heuristic.is_templated_secret"
    }
  ],
  "results": {
    ".github/workflows/archive/automated-testing.yml": [
      {
        "type": "Secret Keyword",
        "filename": ".github/workflows/archive/automated-testing.yml",
        "hashed_secret": "a96ee3aaa30264bad5154372380f764b6298653e",
        "is_verified": false,
        "line_number": 76
      }
    ],
    ".github/workflows/archive/ci-cd-pipeline-original.yml": [
      {
        "type": "Secret Keyword",
        "filename": ".github/workflows/archive/ci-cd-pipeline-original.yml",
        "hashed_secret": "a96ee3aaa30264bad5154372380f764b6298653e",
        "is_verified": false,
        "line_number": 111
      }
    ],
    ".github/workflows/archive/pr-validation.yml": [
      {
        "type": "Secret Keyword",
        "filename": ".github/workflows/archive/pr-validation.yml",
        "hashed_secret": "a96ee3aaa30264bad5154372380f764b6298653e",
        "is_verified": false,
        "line_number": 60
      }
    ],
    ".github/workflows/archive/production-deploy.yml": [
      {
        "type": "Secret Keyword",
        "filename": ".github/workflows/archive/production-deploy.yml",
        "hashed_secret": "9fb7fe1217aed442b04c0f5e43b5d5a7d3287097",
        "is_verified": false,
        "line_number": 127
      },
      {
        "type": "Basic Auth Credentials",
        "filename": ".github/workflows/archive/production-deploy.yml",
        "hashed_secret": "9fb7fe1217aed442b04c0f5e43b5d5a7d3287097",
        "is_verified": false,
        "line_number": 164
      }
    ],
    ".github/workflows/archive/production-deployment.yml": [
      {
        "type": "Secret Keyword",
        "filename": ".github/workflows/archive/production-deployment.yml",
        "hashed_secret": "480b6267da72ffef9b7baf685e184993ed0f28cc",
        "is_verified": false,
        "line_number": 63
      }
    ],
    ".github/workflows/archive/staging-deploy.yml": [
      {
        "type": "Secret Keyword",
        "filename": ".github/workflows/archive/staging-deploy.yml",
        "hashed_secret": "9fb7fe1217aed442b04c0f5e43b5d5a7d3287097",
        "is_verified": false,
        "line_number": 34
      },
      {
        "type": "Basic Auth Credentials",
        "filename": ".github/workflows/archive/staging-deploy.yml",
        "hashed_secret": "9fb7fe1217aed442b04c0f5e43b5d5a7d3287097",
        "is_verified": false,
        "line_number": 62
      }
    ],
    ".github/workflows/ci-cd.yml": [
      {
        "type": "Secret Keyword",
        "filename": ".github/workflows/ci-cd.yml",
        "hashed_secret": "9fb7fe1217aed442b04c0f5e43b5d5a7d3287097",
        "is_verified": false,
        "line_number": 183
      }
    ],
    ".github/workflows/comprehensive-testing.yml": [
      {
        "type": "Secret Keyword",
        "filename": ".github/workflows/comprehensive-testing.yml",
        "hashed_secret": "0acc3690f083b818ac50c707c87f585ab49b7f51",
        "is_verified": false,
        "line_number": 240
      },
      {
        "type": "Secret Keyword",
        "filename": ".github/workflows/comprehensive-testing.yml",
        "hashed_secret": "7e9fd5ef2afccd654a8f95ba21e31622f53bcdd2",
        "is_verified": false,
        "line_number": 314
      }
    ],
    "FXML4_ACCESS_GUIDE.md": [
      {
        "type": "Secret Keyword",
        "filename": "FXML4_ACCESS_GUIDE.md",
        "hashed_secret": "5baa61e4c9b93f3f0682250b6cf8331b7ee68fd8",
        "is_verified": false,
        "line_number": 57
      }
    ],
    "archive/docker-legacy/get-docker.sh": [
      {
        "type": "Hex High Entropy String",
        "filename": "archive/docker-legacy/get-docker.sh",
        "hashed_secret": "67d031703fa757c5528c43627e2f22c5908accae",
        "is_verified": false,
        "line_number": 83
      }
    ],
    "archive/monorepo-experiment/apps/trading-system/docker-compose.yml": [
      {
        "type": "Secret Keyword",
        "filename": "archive/monorepo-experiment/apps/trading-system/docker-compose.yml",
        "hashed_secret": "21c9f1d48565d33f2d8f54f9534f01f09e59fe79",
        "is_verified": false,
        "line_number": 9
      }
    ],
    "archive/monorepo-experiment/legacy/fxml4/api/README.md": [
      {
        "type": "Secret Keyword",
        "filename": "archive/monorepo-experiment/legacy/fxml4/api/README.md",
        "hashed_secret": "5baa61e4c9b93f3f0682250b6cf8331b7ee68fd8",
        "is_verified": false,
        "line_number": 99
      }
    ],
    "archive/monorepo-experiment/packages/core/tests/conftest.py": [
      {
        "type": "Basic Auth Credentials",
        "filename": "archive/monorepo-experiment/packages/core/tests/conftest.py",
        "hashed_secret": "a94a8fe5ccb19ba61c4c0873d391e987982fbbd3",
        "is_verified": false,
        "line_number": 34
      }
    ],
    "archive/monorepo-experiment/packages/data-collector/tests/integration/test_collector_storage_integration.py": [
      {
        "type": "Basic Auth Credentials",
        "filename": "archive/monorepo-experiment/packages/data-collector/tests/integration/test_collector_storage_integration.py",
        "hashed_secret": "afc848c316af1a89d49826c5ae9d00ed769415f3",
        "is_verified": false,
        "line_number": 19
      }
    ],
    "archive/monorepo-experiment/packages/data-collector/tests/unit/test_timescaledb_storage.py": [
      {
        "type": "Basic Auth Credentials",
        "filename": "archive/monorepo-experiment/packages/data-collector/tests/unit/test_timescaledb_storage.py",
        "hashed_secret": "5baa61e4c9b93f3f0682250b6cf8331b7ee68fd8",
        "is_verified": false,
        "line_number": 15
      },
      {
        "type": "Basic Auth Credentials",
        "filename": "archive/monorepo-experiment/packages/data-collector/tests/unit/test_timescaledb_storage.py",
        "hashed_secret": "9d4e1e23bd5b727046a9e3b4b7db57bd8d6ee684",
        "is_verified": false,
        "line_number": 235
      }
    ],
    "archive/monorepo-experiment/packages/llm-analyzer/tests/unit/test_llm_client.py": [
      {
        "type": "Secret Keyword",
        "filename": "archive/monorepo-experiment/packages/llm-analyzer/tests/unit/test_llm_client.py",
        "hashed_secret": "95cfb33d5e102631e226e7ff9da4b17d6ba5f3e4",
        "is_verified": false,
        "line_number": 19
      },
      {
        "type": "Secret Keyword",
        "filename": "archive/monorepo-experiment/packages/llm-analyzer/tests/unit/test_llm_client.py",
        "hashed_secret": "cd55f76cc19db1f5ade150ee7bae3affabcf0a00",
        "is_verified": false,
        "line_number": 20
      },
      {
        "type": "Secret Keyword",
        "filename": "archive/monorepo-experiment/packages/llm-analyzer/tests/unit/test_llm_client.py",
        "hashed_secret": "391d2ef27c79f6ba6eb55cde51d7361b6f110db3",
        "is_verified": false,
        "line_number": 138
      },
      {
        "type": "Secret Keyword",
        "filename": "archive/monorepo-experiment/packages/llm-analyzer/tests/unit/test_llm_client.py",
        "hashed_secret": "00942f4668670f34c5943cf52c7ef3139fe2b8d6",
        "is_verified": false,
        "line_number": 326
      }
    ],
    "archive/monorepo-experiment/packages/web-ui/src/fxml4_web/api/routers/auth.py": [
      {
        "type": "Secret Keyword",
        "filename": "archive/monorepo-experiment/packages/web-ui/src/fxml4_web/api/routers/auth.py",
        "hashed_secret": "d84d56b15af443da253ed81e63130d39d0c3fb1f",
        "is_verified": false,
        "line_number": 24
      }
    ],
    "archive/monorepo-experiment/packages/web-ui/tests/conftest.py": [
      {
        "type": "Secret Keyword",
        "filename": "archive/monorepo-experiment/packages/web-ui/tests/conftest.py",
        "hashed_secret": "6731834487e9dd32ec3df63994d996da1133dbb9",
        "is_verified": false,
        "line_number": 34
      },
      {
        "type": "Basic Auth Credentials",
        "filename": "archive/monorepo-experiment/packages/web-ui/tests/conftest.py",
        "hashed_secret": "a94a8fe5ccb19ba61c4c0873d391e987982fbbd3",
        "is_verified": false,
        "line_number": 35
      }
    ],
    "archive/monorepo-experiment/packages/web-ui/tests/integration/test_api_integration.py": [
      {
        "type": "Secret Keyword",
        "filename": "archive/monorepo-experiment/packages/web-ui/tests/integration/test_api_integration.py",
        "hashed_secret": "62aa916d203cade6cb9a5ec6ff5359d2747accae",
        "is_verified": false,
        "line_number": 21
      },
      {
        "type": "Basic Auth Credentials",
        "filename": "archive/monorepo-experiment/packages/web-ui/tests/integration/test_api_integration.py",
        "hashed_secret": "a94a8fe5ccb19ba61c4c0873d391e987982fbbd3",
        "is_verified": false,
        "line_number": 22
      },
      {
        "type": "Secret Keyword",
        "filename": "archive/monorepo-experiment/packages/web-ui/tests/integration/test_api_integration.py",
        "hashed_secret": "1c58bd92003bbaa0538e249fff6ee19a270dec5f",
        "is_verified": false,
        "line_number": 83
      },
      {
        "type": "Secret Keyword",
        "filename": "archive/monorepo-experiment/packages/web-ui/tests/integration/test_api_integration.py",
        "hashed_secret": "6eb67d95dba1a614971e31e78146d44bd4a3ada3",
        "is_verified": false,
        "line_number": 110
      },
      {
        "type": "Secret Keyword",
        "filename": "archive/monorepo-experiment/packages/web-ui/tests/integration/test_api_integration.py",
        "hashed_secret": "b1e756dd5dc22b5790578e54002ea28373d1674c",
        "is_verified": false,
        "line_number": 120
      }
    ],
    "archive/monorepo-experiment/packages/web-ui/tests/unit/test_api_main.py": [
      {
        "type": "Secret Keyword",
        "filename": "archive/monorepo-experiment/packages/web-ui/tests/unit/test_api_main.py",
        "hashed_secret": "d4e0e04792fd434b5dc9c4155c178f66edcf4ed3",
        "is_verified": false,
        "line_number": 19
      },
      {
        "type": "Basic Auth Credentials",
        "filename": "archive/monorepo-experiment/packages/web-ui/tests/unit/test_api_main.py",
        "hashed_secret": "a94a8fe5ccb19ba61c4c0873d391e987982fbbd3",
        "is_verified": false,
        "line_number": 20
      },
      {
        "type": "Secret Keyword",
        "filename": "archive/monorepo-experiment/packages/web-ui/tests/unit/test_api_main.py",
        "hashed_secret": "a94a8fe5ccb19ba61c4c0873d391e987982fbbd3",
        "is_verified": false,
        "line_number": 244
      }
    ],
    "archive/monorepo-experiment/packages/web-ui/tests/unit/test_auth_router.py": [
      {
        "type": "Secret Keyword",
        "filename": "archive/monorepo-experiment/packages/web-ui/tests/unit/test_auth_router.py",
        "hashed_secret": "c18006fc138809314751cd1991f1e0b820fabd37",
        "is_verified": false,
        "line_number": 59
      },
      {
        "type": "Secret Keyword",
        "filename": "archive/monorepo-experiment/packages/web-ui/tests/unit/test_auth_router.py",
        "hashed_secret": "ffb6b0df52406a12074ca094831141bccab2f455",
        "is_verified": false,
        "line_number": 69
      },
      {
        "type": "Secret Keyword",
        "filename": "archive/monorepo-experiment/packages/web-ui/tests/unit/test_auth_router.py",
        "hashed_secret": "36abac195cd57009a1013913a7ec5b2677faf5fd",
        "is_verified": false,
        "line_number": 83
      },
      {
        "type": "Secret Keyword",
        "filename": "archive/monorepo-experiment/packages/web-ui/tests/unit/test_auth_router.py",
        "hashed_secret": "1c58bd92003bbaa0538e249fff6ee19a270dec5f",
        "is_verified": false,
        "line_number": 276
      },
      {
        "type": "Secret Keyword",
        "filename": "archive/monorepo-experiment/packages/web-ui/tests/unit/test_auth_router.py",
        "hashed_secret": "d8ecf7db8fc9ec9c31bc5c9ae2929cc599c75f8d",
        "is_verified": false,
        "line_number": 293
      },
      {
        "type": "Secret Keyword",
        "filename": "archive/monorepo-experiment/packages/web-ui/tests/unit/test_auth_router.py",
        "hashed_secret": "d8bba58683e577cdd462e2cd1207808e1b01b3cb",
        "is_verified": false,
        "line_number": 307
      }
    ],
    "config/brokers.yaml": [
      {
        "type": "Secret Keyword",
        "filename": "config/brokers.yaml",
        "hashed_secret": "35675e68f4b5af7b995d9205ad0fc43842f16450",
        "is_verified": false,
        "line_number": 21
      }
    ],
    "config/fix_sessions.yaml": [
      {
        "type": "Secret Keyword",
        "filename": "config/fix_sessions.yaml",
        "hashed_secret": "35675e68f4b5af7b995d9205ad0fc43842f16450",
        "is_verified": false,
        "line_number": 73
      }
    ],
    "config/rabbitmq/definitions.json": [
      {
        "type": "Base64 High Entropy String",
        "filename": "config/rabbitmq/definitions.json",
        "hashed_secret": "e23e62ff25c91ed705010fb563eef13cec4bb52b",
        "is_verified": false,
        "line_number": 6
      },
      {
        "type": "Secret Keyword",
        "filename": "config/rabbitmq/definitions.json",
        "hashed_secret": "e23e62ff25c91ed705010fb563eef13cec4bb52b",
        "is_verified": false,
        "line_number": 6
      },
      {
        "type": "Base64 High Entropy String",
        "filename": "config/rabbitmq/definitions.json",
        "hashed_secret": "1c91390e41b7fae8b2e04bd397076c877f74eff8",
        "is_verified": false,
        "line_number": 11
      },
      {
        "type": "Secret Keyword",
        "filename": "config/rabbitmq/definitions.json",
        "hashed_secret": "1c91390e41b7fae8b2e04bd397076c877f74eff8",
        "is_verified": false,
        "line_number": 11
      }
    ],
    "deployment/monitoring/alerting-rules.yaml": [
      {
        "type": "Secret Keyword",
        "filename": "deployment/monitoring/alerting-rules.yaml",
        "hashed_secret": "3fbaab2f06c1beb7fed506caec2b3f126e361e68",
        "is_verified": false,
        "line_number": 399
      }
    ],
    "docker/fxcm-demo-bridge/config/bridge_config.yaml": [
      {
        "type": "Secret Keyword",
        "filename": "docker/fxcm-demo-bridge/config/bridge_config.yaml",
        "hashed_secret": "7202237fbf84055fbab1e711684861af667b48a2",
        "is_verified": false,
        "line_number": 22
      }
    ],
    "docker/fxcm-demo-bridge/src/fxcm_demo_bridge.py": [
      {
        "type": "Secret Keyword",
        "filename": "docker/fxcm-demo-bridge/src/fxcm_demo_bridge.py",
        "hashed_secret": "7202237fbf84055fbab1e711684861af667b48a2",
        "is_verified": false,
        "line_number": 48
      }
    ],
    "docs/DEPLOYMENT_GUIDE.md": [
      {
        "type": "Secret Keyword",
        "filename": "docs/DEPLOYMENT_GUIDE.md",
        "hashed_secret": "af0a55e74a16072ad4c7c7e8c1654be395f80deb",
        "is_verified": false,
        "line_number": 24
      },
      {
        "type": "Basic Auth Credentials",
        "filename": "docs/DEPLOYMENT_GUIDE.md",
        "hashed_secret": "9d4e1e23bd5b727046a9e3b4b7db57bd8d6ee684",
        "is_verified": false,
        "line_number": 25
      }
    ],
    "docs/PHASE5_TECHNICAL_DEBT_REDUCTION_PLAN.md": [
      {
        "type": "Secret Keyword",
        "filename": "docs/PHASE5_TECHNICAL_DEBT_REDUCTION_PLAN.md",
        "hashed_secret": "91cbcb7f2c986468272e2300023293e1a8569e00",
        "is_verified": false,
        "line_number": 158
      },
      {
        "type": "Basic Auth Credentials",
        "filename": "docs/PHASE5_TECHNICAL_DEBT_REDUCTION_PLAN.md",
        "hashed_secret": "9d4e1e23bd5b727046a9e3b4b7db57bd8d6ee684",
        "is_verified": false,
        "line_number": 202
      }
    ],
    "docs/PRODUCTION_SPECIFICATIONS.md": [
      {
        "type": "Secret Keyword",
        "filename": "docs/PRODUCTION_SPECIFICATIONS.md",
        "hashed_secret": "3929c78b587ced93e148a731cb87e7bf8c7235fc",
        "is_verified": false,
        "line_number": 436
      },
      {
        "type": "Secret Keyword",
        "filename": "docs/PRODUCTION_SPECIFICATIONS.md",
        "hashed_secret": "6d45657700c49612f9757ebe8d418bd228b28595",
        "is_verified": false,
        "line_number": 475
      }
    ],
    "docs/alpha_vantage_news_sentiment_guide.md": [
      {
        "type": "Secret Keyword",
        "filename": "docs/alpha_vantage_news_sentiment_guide.md",
        "hashed_secret": "cf4a956e75901c220c0f5fbaec41987fc6177345",
        "is_verified": false,
        "line_number": 38
      },
      {
        "type": "Secret Keyword",
        "filename": "docs/alpha_vantage_news_sentiment_guide.md",
        "hashed_secret": "9ad19750930e5cf133e024641c00daf5fc90c700",
        "is_verified": false,
        "line_number": 73
      },
      {
        "type": "Secret Keyword",
        "filename": "docs/alpha_vantage_news_sentiment_guide.md",
        "hashed_secret": "aface099294c0a2967fb4a2f2ce5c987b53c456b",
        "is_verified": false,
        "line_number": 347
      }
    ],
    "docs/alpha_vantage_usage.md": [
      {
        "type": "Secret Keyword",
        "filename": "docs/alpha_vantage_usage.md",
        "hashed_secret": "1e3667aaaaa887721550cf5cc8a0c5c5760810ed",
        "is_verified": false,
        "line_number": 30
      },
      {
        "type": "Secret Keyword",
        "filename": "docs/alpha_vantage_usage.md",
        "hashed_secret": "7bceda14eeddf2209f267d8e0119357edf1b68f2",
        "is_verified": false,
        "line_number": 262
      }
    ],
    "docs/api-reference/developer-guide.md": [
      {
        "type": "Secret Keyword",
        "filename": "docs/api-reference/developer-guide.md",
        "hashed_secret": "5baa61e4c9b93f3f0682250b6cf8331b7ee68fd8",
        "is_verified": false,
        "line_number": 48
      }
    ],
    "docs/api/README.md": [
      {
        "type": "Secret Keyword",
        "filename": "docs/api/README.md",
        "hashed_secret": "1e3667aaaaa887721550cf5cc8a0c5c5760810ed",
        "is_verified": false,
        "line_number": 89
      }
    ],
    "docs/api/api_specification.md": [
      {
        "type": "Secret Keyword",
        "filename": "docs/api/api_specification.md",
        "hashed_secret": "a616a64c0fbc30f12287d0f24f3b90dd2e6a206e",
        "is_verified": false,
        "line_number": 24
      }
    ],
    "docs/api/examples/python-examples.md": [
      {
        "type": "Secret Keyword",
        "filename": "docs/api/examples/python-examples.md",
        "hashed_secret": "11fa7c37d697f30e6aee828b4426a10f83ab2380",
        "is_verified": false,
        "line_number": 24
      }
    ],
    "docs/brokers/fix_adapter.md": [
      {
        "type": "Secret Keyword",
        "filename": "docs/brokers/fix_adapter.md",
        "hashed_secret": "5baa61e4c9b93f3f0682250b6cf8331b7ee68fd8",
        "is_verified": false,
        "line_number": 85
      }
    ],
    "docs/deployment/deployment-guide.md": [
      {
        "type": "Basic Auth Credentials",
        "filename": "docs/deployment/deployment-guide.md",
        "hashed_secret": "afc848c316af1a89d49826c5ae9d00ed769415f3",
        "is_verified": false,
        "line_number": 67
      },
      {
        "type": "Basic Auth Credentials",
        "filename": "docs/deployment/deployment-guide.md",
        "hashed_secret": "5baa61e4c9b93f3f0682250b6cf8331b7ee68fd8",
        "is_verified": false,
        "line_number": 95
      }
    ],
    "docs/deployment/external-database-setup.md": [
      {
        "type": "Secret Keyword",
        "filename": "docs/deployment/external-database-setup.md",
        "hashed_secret": "564e340cd48437d2dfe876ee154cc99dc4d0d137",
        "is_verified": false,
        "line_number": 45
      },
      {
        "type": "Basic Auth Credentials",
        "filename": "docs/deployment/external-database-setup.md",
        "hashed_secret": "5baa61e4c9b93f3f0682250b6cf8331b7ee68fd8",
        "is_verified": false,
        "line_number": 79
      }
    ],
    "docs/exogenous_data_integration.md": [
      {
        "type": "Secret Keyword",
        "filename": "docs/exogenous_data_integration.md",
        "hashed_secret": "1e3667aaaaa887721550cf5cc8a0c5c5760810ed",
        "is_verified": false,
        "line_number": 47
      },
      {
        "type": "Secret Keyword",
        "filename": "docs/exogenous_data_integration.md",
        "hashed_secret": "3c478ac9d7fd2f17b6bb13e62e28decb8c9b10b1",
        "is_verified": false,
        "line_number": 118
      }
    ],
    "docs/features/broker-integration/fix-protocol.md": [
      {
        "type": "Secret Keyword",
        "filename": "docs/features/broker-integration/fix-protocol.md",
        "hashed_secret": "564e340cd48437d2dfe876ee154cc99dc4d0d137",
        "is_verified": false,
        "line_number": 47
      }
    ],
    "docs/getting-started/configuration.md": [
      {
        "type": "Basic Auth Credentials",
        "filename": "docs/getting-started/configuration.md",
        "hashed_secret": "afc848c316af1a89d49826c5ae9d00ed769415f3",
        "is_verified": false,
        "line_number": 19
      },
      {
        "type": "Secret Keyword",
        "filename": "docs/getting-started/configuration.md",
        "hashed_secret": "a616a64c0fbc30f12287d0f24f3b90dd2e6a206e",
        "is_verified": false,
        "line_number": 53
      },
      {
        "type": "Secret Keyword",
        "filename": "docs/getting-started/configuration.md",
        "hashed_secret": "29b8dca3de5ff27bcf8bd3b622adf9970f29381c",
        "is_verified": false,
        "line_number": 164
      }
    ],
    "docs/guides/DEPLOYMENT_GUIDE.md": [
      {
        "type": "Secret Keyword",
        "filename": "docs/guides/DEPLOYMENT_GUIDE.md",
        "hashed_secret": "a6778f1880744bd1a342a8e3789135412d8f9da2",
        "is_verified": false,
        "line_number": 84
      }
    ],
    "docs/guides/TEST_ENVIRONMENT_GUIDE.md": [
      {
        "type": "Secret Keyword",
        "filename": "docs/guides/TEST_ENVIRONMENT_GUIDE.md",
        "hashed_secret": "d4e0e04792fd434b5dc9c4155c178f66edcf4ed3",
        "is_verified": false,
        "line_number": 111
      },
      {
        "type": "Secret Keyword",
        "filename": "docs/guides/TEST_ENVIRONMENT_GUIDE.md",
        "hashed_secret": "9fb7fe1217aed442b04c0f5e43b5d5a7d3287097",
        "is_verified": false,
        "line_number": 117
      },
      {
        "type": "Secret Keyword",
        "filename": "docs/guides/TEST_ENVIRONMENT_GUIDE.md",
        "hashed_secret": "3acfb2c2b433c0ea7ff107e33df91b18e52f960f",
        "is_verified": false,
        "line_number": 118
      }
    ],
    "docs/ib-gateway-integration.md": [
      {
        "type": "Secret Keyword",
        "filename": "docs/ib-gateway-integration.md",
        "hashed_secret": "564e340cd48437d2dfe876ee154cc99dc4d0d137",
        "is_verified": false,
        "line_number": 165
      },
      {
        "type": "Secret Keyword",
        "filename": "docs/ib-gateway-integration.md",
        "hashed_secret": "8f016dedacd822ed6a9741c77e8371fb7b5146da",
        "is_verified": false,
        "line_number": 291
      }
    ],
    "docs/performance/performance-tuning-guide.md": [
      {
        "type": "Secret Keyword",
        "filename": "docs/performance/performance-tuning-guide.md",
        "hashed_secret": "9fb7fe1217aed442b04c0f5e43b5d5a7d3287097",
        "is_verified": false,
        "line_number": 986
      }
    ],
    "docs/reports/AUTHENTICATION_ENHANCEMENT_REPORT.md": [
      {
        "type": "Secret Keyword",
        "filename": "docs/reports/AUTHENTICATION_ENHANCEMENT_REPORT.md",
        "hashed_secret": "d9e22a692275d12bd1dbd8d88016b4ecd66172b3",
        "is_verified": false,
        "line_number": 158
      },
      {
        "type": "Secret Keyword",
        "filename": "docs/reports/AUTHENTICATION_ENHANCEMENT_REPORT.md",
        "hashed_secret": "463d8353f4b927fd953e5af7c41084183e8ce5fb",
        "is_verified": false,
        "line_number": 225
      }
    ],
    "docs/reports/ENHANCED_PRODUCTION_SYSTEM_V2.md": [
      {
        "type": "Secret Keyword",
        "filename": "docs/reports/ENHANCED_PRODUCTION_SYSTEM_V2.md",
        "hashed_secret": "89a6cfe2a229151e8055abee107d45ed087bbb4f",
        "is_verified": false,
        "line_number": 207
      },
      {
        "type": "Secret Keyword",
        "filename": "docs/reports/ENHANCED_PRODUCTION_SYSTEM_V2.md",
        "hashed_secret": "7e61a4d02876020f0e943eb79a1281dcb0f7bd9d",
        "is_verified": false,
        "line_number": 210
      },
      {
        "type": "Secret Keyword",
        "filename": "docs/reports/ENHANCED_PRODUCTION_SYSTEM_V2.md",
        "hashed_secret": "b63d7dfca5339fa1594c43aad16469857fe2bb78",
        "is_verified": false,
        "line_number": 211
      }
    ],
    "docs/reports/testing_plan.md": [
      {
        "type": "Secret Keyword",
        "filename": "docs/reports/testing_plan.md",
        "hashed_secret": "fe1bae27cb7c1fb823f496f286e78f1d2ae87734",
        "is_verified": false,
        "line_number": 125
      }
    ],
    "docs/timescaledb_guide.md": [
      {
        "type": "Secret Keyword",
        "filename": "docs/timescaledb_guide.md",
        "hashed_secret": "afc848c316af1a89d49826c5ae9d00ed769415f3",
        "is_verified": false,
        "line_number": 138
      }
    ],
    "fxml4-ui/BACKEND_API_ISSUES.md": [
      {
        "type": "Secret Keyword",
        "filename": "fxml4-ui/BACKEND_API_ISSUES.md",
        "hashed_secret": "a94a8fe5ccb19ba61c4c0873d391e987982fbbd3",
        "is_verified": false,
        "line_number": 115
      }
    ],
    "fxml4-ui/e2e/auth.setup.ts": [
      {
        "type": "Secret Keyword",
        "filename": "fxml4-ui/e2e/auth.setup.ts",
        "hashed_secret": "cbdbe4936ce8be63184d9f2e13fc249234371b9a",
        "is_verified": false,
        "line_number": 25
      }
    ],
    "fxml4-ui/public/sw.js": [
      {
        "type": "Hex High Entropy String",
        "filename": "fxml4-ui/public/sw.js",
        "hashed_secret": "01863aaf7984556e155ce0d18030a3f2fa68fc2e",
        "is_verified": false,
        "line_number": 1
      },
      {
        "type": "Hex High Entropy String",
        "filename": "fxml4-ui/public/sw.js",
        "hashed_secret": "250802df7c7538efe7715bf7ec71fd5f2c05f2b4",
        "is_verified": false,
        "line_number": 1
      },
      {
        "type": "Hex High Entropy String",
        "filename": "fxml4-ui/public/sw.js",
        "hashed_secret": "2b9b3f1e2e9963d8a16adf7a01eda3218e5fde90",
        "is_verified": false,
        "line_number": 1
      },
      {
        "type": "Hex High Entropy String",
        "filename": "fxml4-ui/public/sw.js",
        "hashed_secret": "3123d7084dd0d89a3fa7b336360c79e426c74750",
        "is_verified": false,
        "line_number": 1
      },
      {
        "type": "Hex High Entropy String",
        "filename": "fxml4-ui/public/sw.js",
        "hashed_secret": "497540500bab0c2619e68fbb39eda71bc6c3b641",
        "is_verified": false,
        "line_number": 1
      },
      {
        "type": "Hex High Entropy String",
        "filename": "fxml4-ui/public/sw.js",
        "hashed_secret": "534728786f88450f5ab021e579b4016a519de537",
        "is_verified": false,
        "line_number": 1
      },
      {
        "type": "Hex High Entropy String",
        "filename": "fxml4-ui/public/sw.js",
        "hashed_secret": "8b156453198d06659ba64a70fefc44c6ef266f9a",
        "is_verified": false,
        "line_number": 1
      },
      {
        "type": "Hex High Entropy String",
        "filename": "fxml4-ui/public/sw.js",
        "hashed_secret": "a0cfb98f28adce74cfbea21f647d1be195a4ad23",
        "is_verified": false,
        "line_number": 1
      },
      {
        "type": "Hex High Entropy String",
        "filename": "fxml4-ui/public/sw.js",
        "hashed_secret": "a92786e7c9aabba8c3a11edf9e646afe89e8352d",
        "is_verified": false,
        "line_number": 1
      },
      {
        "type": "Hex High Entropy String",
        "filename": "fxml4-ui/public/sw.js",
        "hashed_secret": "aaa1de48af4d6365ac20804aeedd409fed212dae",
        "is_verified": false,
        "line_number": 1
      },
      {
        "type": "Hex High Entropy String",
        "filename": "fxml4-ui/public/sw.js",
        "hashed_secret": "cd62c31994ff025ec6646e6fa0df84500a1b5361",
        "is_verified": false,
        "line_number": 1
      },
      {
        "type": "Hex High Entropy String",
        "filename": "fxml4-ui/public/sw.js",
        "hashed_secret": "daf8c8959f278eedb070757aa344385a0f267c96",
        "is_verified": false,
        "line_number": 1
      },
      {
        "type": "Hex High Entropy String",
        "filename": "fxml4-ui/public/sw.js",
        "hashed_secret": "f1fe5aedaf77ea5cf7e17ecf498de4b1dcc72024",
        "is_verified": false,
        "line_number": 1
      }
    ],
    "fxml4-ui/src/components/auth/EnhancedAuthInterface.tsx": [
      {
        "type": "Secret Keyword",
        "filename": "fxml4-ui/src/components/auth/EnhancedAuthInterface.tsx",
        "hashed_secret": "5baa61e4c9b93f3f0682250b6cf8331b7ee68fd8",
        "is_verified": false,
        "line_number": 191
      }
    ],
    "fxml4-ui/src/components/ml/DatasetManager.tsx": [
      {
        "type": "Secret Keyword",
        "filename": "fxml4-ui/src/components/ml/DatasetManager.tsx",
        "hashed_secret": "b60d121b438a380c343d5ec3c2037564b82ffef3",
        "is_verified": false,
        "line_number": 131
      }
    ],
    "fxml4/api/README.md": [
      {
        "type": "Secret Keyword",
        "filename": "fxml4/api/README.md",
        "hashed_secret": "5baa61e4c9b93f3f0682250b6cf8331b7ee68fd8",
        "is_verified": false,
        "line_number": 99
      }
    ],
    "fxml4/api/auth/audit_logger.py": [
      {
        "type": "Secret Keyword",
        "filename": "fxml4/api/auth/audit_logger.py",
        "hashed_secret": "553ab251f84b08eda31bf807cee8259aaffb614a",
        "is_verified": false,
        "line_number": 67
      }
    ],
    "fxml4/api/auth/enhanced_audit_logger.py": [
      {
        "type": "Secret Keyword",
        "filename": "fxml4/api/auth/enhanced_audit_logger.py",
        "hashed_secret": "f62d96ed6ce9b19ada62d8f2c9d9b1c2bdb6c5d0",
        "is_verified": false,
        "line_number": 52
      }
    ],
    "fxml4/api/client/README.md": [
      {
        "type": "Secret Keyword",
        "filename": "fxml4/api/client/README.md",
        "hashed_secret": "11fa7c37d697f30e6aee828b4426a10f83ab2380",
        "is_verified": false,
        "line_number": 72
      }
    ],
    "fxml4/api/client/async_client.py": [
      {
        "type": "Secret Keyword",
        "filename": "fxml4/api/client/async_client.py",
        "hashed_secret": "11fa7c37d697f30e6aee828b4426a10f83ab2380",
        "is_verified": false,
        "line_number": 36
      }
    ],
    "fxml4/api/client/client.py": [
      {
        "type": "Secret Keyword",
        "filename": "fxml4/api/client/client.py",
        "hashed_secret": "11fa7c37d697f30e6aee828b4426a10f83ab2380",
        "is_verified": false,
        "line_number": 36
      }
    ],
    "fxml4/api/manual_adapter_setup.py": [
      {
        "type": "Secret Keyword",
        "filename": "fxml4/api/manual_adapter_setup.py",
        "hashed_secret": "35675e68f4b5af7b995d9205ad0fc43842f16450",
        "is_verified": false,
        "line_number": 31
      }
    ],
    "fxml4/api/routers/simple_data.py": [
      {
        "type": "Secret Keyword",
        "filename": "fxml4/api/routers/simple_data.py",
        "hashed_secret": "2e665334449a46fa0a4410177df8b62e0f33b3b8",
        "is_verified": false,
        "line_number": 23
      }
    ],
    "fxml4/brokers/adapters/FXCM_ADAPTER_README.md": [
      {
        "type": "Secret Keyword",
        "filename": "fxml4/brokers/adapters/FXCM_ADAPTER_README.md",
        "hashed_secret": "35675e68f4b5af7b995d9205ad0fc43842f16450",
        "is_verified": false,
        "line_number": 86
      },
      {
        "type": "Secret Keyword",
        "filename": "fxml4/brokers/adapters/FXCM_ADAPTER_README.md",
        "hashed_secret": "11fa7c37d697f30e6aee828b4426a10f83ab2380",
        "is_verified": false,
        "line_number": 111
      }
    ],
    "fxml4/brokers/adapters/IB_ADAPTER_README.md": [
      {
        "type": "Secret Keyword",
        "filename": "fxml4/brokers/adapters/IB_ADAPTER_README.md",
        "hashed_secret": "35675e68f4b5af7b995d9205ad0fc43842f16450",
        "is_verified": false,
        "line_number": 53
      }
    ],
    "fxml4/brokers/adapters/MANUAL_ADAPTER_README.md": [
      {
        "type": "Secret Keyword",
        "filename": "fxml4/brokers/adapters/MANUAL_ADAPTER_README.md",
        "hashed_secret": "35675e68f4b5af7b995d9205ad0fc43842f16450",
        "is_verified": false,
        "line_number": 91
      }
    ],
    "fxml4/brokers/config/helper.py": [
      {
        "type": "Secret Keyword",
        "filename": "fxml4/brokers/config/helper.py",
        "hashed_secret": "35675e68f4b5af7b995d9205ad0fc43842f16450",
        "is_verified": false,
        "line_number": 324
      },
      {
        "type": "Secret Keyword",
        "filename": "fxml4/brokers/config/helper.py",
        "hashed_secret": "5baa61e4c9b93f3f0682250b6cf8331b7ee68fd8",
        "is_verified": false,
        "line_number": 427
      },
      {
        "type": "Secret Keyword",
        "filename": "fxml4/brokers/config/helper.py",
        "hashed_secret": "665b1e3851eefefa3fb878654292f16597d25155",
        "is_verified": false,
        "line_number": 428
      },
      {
        "type": "Secret Keyword",
        "filename": "fxml4/brokers/config/helper.py",
        "hashed_secret": "83ff9f4e0d16d61727cbdf47d769fb707b652217",
        "is_verified": false,
        "line_number": 429
      }
    ],
    "fxml4/brokers/messaging/reliable_queue.py": [
      {
        "type": "Basic Auth Credentials",
        "filename": "fxml4/brokers/messaging/reliable_queue.py",
        "hashed_secret": "35675e68f4b5af7b995d9205ad0fc43842f16450",
        "is_verified": false,
        "line_number": 158
      }
    ],
    "fxml4/config.py": [
      {
        "type": "Secret Keyword",
        "filename": "fxml4/config.py",
        "hashed_secret": "5baa61e4c9b93f3f0682250b6cf8331b7ee68fd8",
        "is_verified": false,
        "line_number": 165
      }
    ],
    "fxml4/data_engineering/feature_versioning.py": [
      {
        "type": "Secret Keyword",
        "filename": "fxml4/data_engineering/feature_versioning.py",
        "hashed_secret": "7b904fd1283ad600b127e0ac02243f7324e16788",
        "is_verified": false,
        "line_number": 755
      }
    ],
    "fxml4/data_engineering/unified_pipeline.py": [
      {
        "type": "Secret Keyword",
        "filename": "fxml4/data_engineering/unified_pipeline.py",
        "hashed_secret": "7b904fd1283ad600b127e0ac02243f7324e16788",
        "is_verified": false,
        "line_number": 745
      }
    ],
    "fxml4/data_engineering/vector_store.py": [
      {
        "type": "Secret Keyword",
        "filename": "fxml4/data_engineering/vector_store.py",
        "hashed_secret": "7b904fd1283ad600b127e0ac02243f7324e16788",
        "is_verified": false,
        "line_number": 1160
      }
    ],
    "fxml4/deployment/cicd_manager.py": [
      {
        "type": "Hex High Entropy String",
        "filename": "fxml4/deployment/cicd_manager.py",
        "hashed_secret": "90bd1b48e958257948487b90bee080ba5ed00caa",
        "is_verified": false,
        "line_number": 394
      }
    ],
    "fxml4/disaster_recovery/recovery_manager.py": [
      {
        "type": "Secret Keyword",
        "filename": "fxml4/disaster_recovery/recovery_manager.py",
        "hashed_secret": "5baa61e4c9b93f3f0682250b6cf8331b7ee68fd8",
        "is_verified": false,
        "line_number": 1135
      }
    ],
    "fxml4/messaging/message_router.py": [
      {
        "type": "Basic Auth Credentials",
        "filename": "fxml4/messaging/message_router.py",
        "hashed_secret": "35675e68f4b5af7b995d9205ad0fc43842f16450",
        "is_verified": false,
        "line_number": 57
      }
    ],
    "fxml4_redesign/docker-compose.yml": [
      {
        "type": "Secret Keyword",
        "filename": "fxml4_redesign/docker-compose.yml",
        "hashed_secret": "afc848c316af1a89d49826c5ae9d00ed769415f3",
        "is_verified": false,
        "line_number": 10
      }
    ],
    "fxml4_redesign/docs/deployment/docker-compose.md": [
      {
        "type": "Basic Auth Credentials",
        "filename": "fxml4_redesign/docs/deployment/docker-compose.md",
        "hashed_secret": "d033e22ae348aeb5660fc2140aec35850c4da997",
        "is_verified": false,
        "line_number": 316
      },
      {
        "type": "Basic Auth Credentials",
        "filename": "fxml4_redesign/docs/deployment/docker-compose.md",
        "hashed_secret": "afc848c316af1a89d49826c5ae9d00ed769415f3",
        "is_verified": false,
        "line_number": 317
      }
    ],
    "fxml4_redesign/start.sh": [
      {
        "type": "Basic Auth Credentials",
        "filename": "fxml4_redesign/start.sh",
        "hashed_secret": "afc848c316af1a89d49826c5ae9d00ed769415f3",
        "is_verified": false,
        "line_number": 108
      }
    ],
    "fxml4_redesign/tests/conftest.py": [
      {
        "type": "Secret Keyword",
        "filename": "fxml4_redesign/tests/conftest.py",
        "hashed_secret": "afc848c316af1a89d49826c5ae9d00ed769415f3",
        "is_verified": false,
        "line_number": 39
      }
    ],
    "k8s/README.md": [
      {
        "type": "Secret Keyword",
        "filename": "k8s/README.md",
        "hashed_secret": "3bdb5e3bd30bdc23ae6f888668aa490fa958c30b",
        "is_verified": false,
        "line_number": 69
      }
    ],
    "k8s/ci-cd/deployment-pipeline.yaml": [
      {
        "type": "Secret Keyword",
        "filename": "k8s/ci-cd/deployment-pipeline.yaml",
        "hashed_secret": "9fb7fe1217aed442b04c0f5e43b5d5a7d3287097",
        "is_verified": false,
        "line_number": 26
      },
      {
        "type": "Basic Auth Credentials",
        "filename": "k8s/ci-cd/deployment-pipeline.yaml",
        "hashed_secret": "9fb7fe1217aed442b04c0f5e43b5d5a7d3287097",
        "is_verified": false,
        "line_number": 78
      }
    ],
    "k8s/ingress/fxml4-ingress.yaml": [
      {
        "type": "Secret Keyword",
        "filename": "k8s/ingress/fxml4-ingress.yaml",
        "hashed_secret": "9a856c74d3cf0b32657c5bb65db60643c7580938",
        "is_verified": false,
        "line_number": 60
      },
      {
        "type": "Secret Keyword",
        "filename": "k8s/ingress/fxml4-ingress.yaml",
        "hashed_secret": "dda5cbcefcb85b878c3726514c81e9a4f0f9d029",
        "is_verified": false,
        "line_number": 166
      },
      {
        "type": "Secret Keyword",
        "filename": "k8s/ingress/fxml4-ingress.yaml",
        "hashed_secret": "36c747c2420ffbe6af52951344d79909ae613da0",
        "is_verified": false,
        "line_number": 207
      },
      {
        "type": "Secret Keyword",
        "filename": "k8s/ingress/fxml4-ingress.yaml",
        "hashed_secret": "e2d9e2b4ed1b3b8c3ea8365251601e75926960ef",
        "is_verified": false,
        "line_number": 216
      },
      {
        "type": "AWS Access Key",
        "filename": "k8s/ingress/fxml4-ingress.yaml",
        "hashed_secret": "25910f981e85ca04baf359199dd0bd4a3ae738b6",
        "is_verified": false,
        "line_number": 269
      }
    ],
    "k8s/ingress/ingress.yaml": [
      {
        "type": "Secret Keyword",
        "filename": "k8s/ingress/ingress.yaml",
        "hashed_secret": "5259ee5cb94d8f5f4972fcc1de829c0337e06c83",
        "is_verified": false,
        "line_number": 15
      }
    ],
    "k8s/secrets/app-secrets-local.yaml": [
      {
        "type": "Basic Auth Credentials",
        "filename": "k8s/secrets/app-secrets-local.yaml",
        "hashed_secret": "fa9beb99e4029ad5a6615399e7bbae21356086b3",
        "is_verified": false,
        "line_number": 10
      },
      {
        "type": "Secret Keyword",
        "filename": "k8s/secrets/app-secrets-local.yaml",
        "hashed_secret": "fa9beb99e4029ad5a6615399e7bbae21356086b3",
        "is_verified": false,
        "line_number": 11
      },
      {
        "type": "Secret Keyword",
        "filename": "k8s/secrets/app-secrets-local.yaml",
        "hashed_secret": "9af6ef1418e607eb12916e773e5634da224addb1",
        "is_verified": false,
        "line_number": 42
      }
    ],
    "monitoring/prometheus.yml": [
      {
        "type": "Secret Keyword",
        "filename": "monitoring/prometheus.yml",
        "hashed_secret": "d4af0b53fbb1c1e64e24042460ecc44675ec530b",
        "is_verified": false,
        "line_number": 38
      }
    ],
    "scripts/add-default-data.sh": [
      {
        "type": "Secret Keyword",
        "filename": "scripts/add-default-data.sh",
        "hashed_secret": "3e7bf9e0cc492dc2130f55c5e87d7adf08fde277",
        "is_verified": false,
        "line_number": 14
      }
    ],
    "scripts/archive/experimental-2025/test_alpha_vantage_access.py": [
      {
        "type": "Secret Keyword",
        "filename": "scripts/archive/experimental-2025/test_alpha_vantage_access.py",
        "hashed_secret": "89e495e7941cf9e40e6980d14a16bf023ccd4c91",
        "is_verified": false,
        "line_number": 78
      }
    ],
    "scripts/archive/experimental-2025/test_api_backtest.py": [
      {
        "type": "Secret Keyword",
        "filename": "scripts/archive/experimental-2025/test_api_backtest.py",
        "hashed_secret": "d033e22ae348aeb5660fc2140aec35850c4da997",
        "is_verified": false,
        "line_number": 30
      }
    ],
    "scripts/archive/experimental-2025/test_fxcm_adapter.py": [
      {
        "type": "Secret Keyword",
        "filename": "scripts/archive/experimental-2025/test_fxcm_adapter.py",
        "hashed_secret": "11fa7c37d697f30e6aee828b4426a10f83ab2380",
        "is_verified": false,
        "line_number": 142
      },
      {
        "type": "Secret Keyword",
        "filename": "scripts/archive/experimental-2025/test_fxcm_adapter.py",
        "hashed_secret": "35675e68f4b5af7b995d9205ad0fc43842f16450",
        "is_verified": false,
        "line_number": 147
      }
    ],
    "scripts/archive/experimental-2025/test_ib_adapter.py": [
      {
        "type": "Secret Keyword",
        "filename": "scripts/archive/experimental-2025/test_ib_adapter.py",
        "hashed_secret": "35675e68f4b5af7b995d9205ad0fc43842f16450",
        "is_verified": false,
        "line_number": 73
      }
    ],
    "scripts/archive/experimental-2025/test_manual_adapter.py": [
      {
        "type": "Secret Keyword",
        "filename": "scripts/archive/experimental-2025/test_manual_adapter.py",
        "hashed_secret": "35675e68f4b5af7b995d9205ad0fc43842f16450",
        "is_verified": false,
        "line_number": 172
      }
    ],
    "scripts/check-db-health.sh": [
      {
        "type": "Secret Keyword",
        "filename": "scripts/check-db-health.sh",
        "hashed_secret": "3142478b4de5710c5a162f114b5527f69288fe77",
        "is_verified": false,
        "line_number": 15
      }
    ],
    "scripts/check_system_readiness.py": [
      {
        "type": "Secret Keyword",
        "filename": "scripts/check_system_readiness.py",
        "hashed_secret": "e64043b181d6ee55616764d6c3efa240f0ba68b4",
        "is_verified": false,
        "line_number": 73
      },
      {
        "type": "Secret Keyword",
        "filename": "scripts/check_system_readiness.py",
        "hashed_secret": "77031552bae29f37f2462609aafa58fa0989e1db",
        "is_verified": false,
        "line_number": 74
      },
      {
        "type": "Secret Keyword",
        "filename": "scripts/check_system_readiness.py",
        "hashed_secret": "45b9fe88f3500900f19742090579e00e70cd3b9b",
        "is_verified": false,
        "line_number": 75
      }
    ],
    "scripts/comprehensive_test_suite.py": [
      {
        "type": "Secret Keyword",
        "filename": "scripts/comprehensive_test_suite.py",
        "hashed_secret": "0c10e7faa10a1466eba10f13edf730eba0c28350",
        "is_verified": false,
        "line_number": 291
      },
      {
        "type": "Secret Keyword",
        "filename": "scripts/comprehensive_test_suite.py",
        "hashed_secret": "a94a8fe5ccb19ba61c4c0873d391e987982fbbd3",
        "is_verified": false,
        "line_number": 294
      },
      {
        "type": "Secret Keyword",
        "filename": "scripts/comprehensive_test_suite.py",
        "hashed_secret": "9fb7fe1217aed442b04c0f5e43b5d5a7d3287097",
        "is_verified": false,
        "line_number": 299
      },
      {
        "type": "Secret Keyword",
        "filename": "scripts/comprehensive_test_suite.py",
        "hashed_secret": "3acfb2c2b433c0ea7ff107e33df91b18e52f960f",
        "is_verified": false,
        "line_number": 300
      }
    ],
    "scripts/data/generate_sample_data.py": [
      {
        "type": "Secret Keyword",
        "filename": "scripts/data/generate_sample_data.py",
        "hashed_secret": "afc848c316af1a89d49826c5ae9d00ed769415f3",
        "is_verified": false,
        "line_number": 20
      }
    ],
    "scripts/data/quick_sample_data.py": [
      {
        "type": "Secret Keyword",
        "filename": "scripts/data/quick_sample_data.py",
        "hashed_secret": "afc848c316af1a89d49826c5ae9d00ed769415f3",
        "is_verified": false,
        "line_number": 18
      }
    ],
    "scripts/data/simple_backfill.py": [
      {
        "type": "Secret Keyword",
        "filename": "scripts/data/simple_backfill.py",
        "hashed_secret": "89e495e7941cf9e40e6980d14a16bf023ccd4c91",
        "is_verified": false,
        "line_number": 279
      }
    ],
    "scripts/demo_order_management_success.py": [
      {
        "type": "Secret Keyword",
        "filename": "scripts/demo_order_management_success.py",
        "hashed_secret": "afc848c316af1a89d49826c5ae9d00ed769415f3",
        "is_verified": false,
        "line_number": 23
      }
    ],
    "scripts/fix_signal_generation_integration.py": [
      {
        "type": "Secret Keyword",
        "filename": "scripts/fix_signal_generation_integration.py",
        "hashed_secret": "afc848c316af1a89d49826c5ae9d00ed769415f3",
        "is_verified": false,
        "line_number": 53
      }
    ],
    "scripts/infrastructure_health_monitor.py": [
      {
        "type": "Secret Keyword",
        "filename": "scripts/infrastructure_health_monitor.py",
        "hashed_secret": "d4af0b53fbb1c1e64e24042460ecc44675ec530b",
        "is_verified": false,
        "line_number": 75
      }
    ],
    "scripts/init-simple.sh": [
      {
        "type": "Secret Keyword",
        "filename": "scripts/init-simple.sh",
        "hashed_secret": "3e7bf9e0cc492dc2130f55c5e87d7adf08fde277",
        "is_verified": false,
        "line_number": 14
      }
    ],
    "scripts/monitoring_dashboard.py": [
      {
        "type": "Secret Keyword",
        "filename": "scripts/monitoring_dashboard.py",
        "hashed_secret": "a9c35253f63fc84efab932cbf6cfa3d1379a4359",
        "is_verified": false,
        "line_number": 43
      }
    ],
    "scripts/quick-health-check.sh": [
      {
        "type": "Secret Keyword",
        "filename": "scripts/quick-health-check.sh",
        "hashed_secret": "3e7bf9e0cc492dc2130f55c5e87d7adf08fde277",
        "is_verified": false,
        "line_number": 3
      }
    ],
    "scripts/run-migrations.sh": [
      {
        "type": "Secret Keyword",
        "filename": "scripts/run-migrations.sh",
        "hashed_secret": "3e7bf9e0cc492dc2130f55c5e87d7adf08fde277",
        "is_verified": false,
        "line_number": 14
      }
    ],
    "scripts/setup_polygon_disk.sh": [
      {
        "type": "Secret Keyword",
        "filename": "scripts/setup_polygon_disk.sh",
        "hashed_secret": "29c32f233d04598b3181c0e27ea0ec7a5c949297",
        "is_verified": false,
        "line_number": 89
      }
    ],
    "scripts/test_complete_api_performance.py": [
      {
        "type": "Secret Keyword",
        "filename": "scripts/test_complete_api_performance.py",
        "hashed_secret": "e5e9fa1ba31ecd1ae84f75caaa474f3a663f05f4",
        "is_verified": false,
        "line_number": 56
      }
    ],
    "scripts/test_complete_order_management.py": [
      {
        "type": "Secret Keyword",
        "filename": "scripts/test_complete_order_management.py",
        "hashed_secret": "afc848c316af1a89d49826c5ae9d00ed769415f3",
        "is_verified": false,
        "line_number": 28
      },
      {
        "type": "Secret Keyword",
        "filename": "scripts/test_complete_order_management.py",
        "hashed_secret": "ea07ed6f10e660acf27dee3c9e014a142237c670",
        "is_verified": false,
        "line_number": 29
      }
    ],
    "scripts/test_database_performance.py": [
      {
        "type": "Secret Keyword",
        "filename": "scripts/test_database_performance.py",
        "hashed_secret": "afc848c316af1a89d49826c5ae9d00ed769415f3",
        "is_verified": false,
        "line_number": 27
      }
    ],
    "scripts/test_disaster_recovery_integration.py": [
      {
        "type": "Secret Keyword",
        "filename": "scripts/test_disaster_recovery_integration.py",
        "hashed_secret": "5baa61e4c9b93f3f0682250b6cf8331b7ee68fd8",
        "is_verified": false,
        "line_number": 64
      }
    ],
    "scripts/test_fix_protocol.py": [
      {
        "type": "Secret Keyword",
        "filename": "scripts/test_fix_protocol.py",
        "hashed_secret": "c94d65f02a652d11c2e5c2e1ccf38dce5a076e1e",
        "is_verified": false,
        "line_number": 226
      }
    ],
    "scripts/test_market_data_direct.py": [
      {
        "type": "Secret Keyword",
        "filename": "scripts/test_market_data_direct.py",
        "hashed_secret": "afc848c316af1a89d49826c5ae9d00ed769415f3",
        "is_verified": false,
        "line_number": 32
      }
    ],
    "scripts/test_market_data_service.py": [
      {
        "type": "Secret Keyword",
        "filename": "scripts/test_market_data_service.py",
        "hashed_secret": "afc848c316af1a89d49826c5ae9d00ed769415f3",
        "is_verified": false,
        "line_number": 132
      }
    ],
    "scripts/test_order_management_simple.py": [
      {
        "type": "Secret Keyword",
        "filename": "scripts/test_order_management_simple.py",
        "hashed_secret": "afc848c316af1a89d49826c5ae9d00ed769415f3",
        "is_verified": false,
        "line_number": 23
      }
    ],
    "scripts/test_real_market_data_integration.py": [
      {
        "type": "Secret Keyword",
        "filename": "scripts/test_real_market_data_integration.py",
        "hashed_secret": "a9c35253f63fc84efab932cbf6cfa3d1379a4359",
        "is_verified": false,
        "line_number": 50
      },
      {
        "type": "Secret Keyword",
        "filename": "scripts/test_real_market_data_integration.py",
        "hashed_secret": "89e495e7941cf9e40e6980d14a16bf023ccd4c91",
        "is_verified": false,
        "line_number": 61
      }
    ],
    "scripts/test_signal_direct.py": [
      {
        "type": "Secret Keyword",
        "filename": "scripts/test_signal_direct.py",
        "hashed_secret": "afc848c316af1a89d49826c5ae9d00ed769415f3",
        "is_verified": false,
        "line_number": 182
      }
    ],
    "scripts/test_signal_processing.py": [
      {
        "type": "Secret Keyword",
        "filename": "scripts/test_signal_processing.py",
        "hashed_secret": "afc848c316af1a89d49826c5ae9d00ed769415f3",
        "is_verified": false,
        "line_number": 328
      }
    ],
    "scripts/test_signal_to_execution_pipeline.py": [
      {
        "type": "Secret Keyword",
        "filename": "scripts/test_signal_to_execution_pipeline.py",
        "hashed_secret": "afc848c316af1a89d49826c5ae9d00ed769415f3",
        "is_verified": false,
        "line_number": 27
      }
    ],
    "scripts/test_trading_engine.py": [
      {
        "type": "Secret Keyword",
        "filename": "scripts/test_trading_engine.py",
        "hashed_secret": "afc848c316af1a89d49826c5ae9d00ed769415f3",
        "is_verified": false,
        "line_number": 382
      }
    ],
    "scripts/testing/run_basic_tests.py": [
      {
        "type": "Secret Keyword",
        "filename": "scripts/testing/run_basic_tests.py",
        "hashed_secret": "d4e0e04792fd434b5dc9c4155c178f66edcf4ed3",
        "is_verified": false,
        "line_number": 30
      },
      {
        "type": "Secret Keyword",
        "filename": "scripts/testing/run_basic_tests.py",
        "hashed_secret": "9fb7fe1217aed442b04c0f5e43b5d5a7d3287097",
        "is_verified": false,
        "line_number": 36
      },
      {
        "type": "Secret Keyword",
        "filename": "scripts/testing/run_basic_tests.py",
        "hashed_secret": "3acfb2c2b433c0ea7ff107e33df91b18e52f960f",
        "is_verified": false,
        "line_number": 37
      }
    ],
    "scripts/testing/run_test_suite.py": [
      {
        "type": "Secret Keyword",
        "filename": "scripts/testing/run_test_suite.py",
        "hashed_secret": "6731834487e9dd32ec3df63994d996da1133dbb9",
        "is_verified": false,
        "line_number": 58
      },
      {
        "type": "Secret Keyword",
        "filename": "scripts/testing/run_test_suite.py",
        "hashed_secret": "9fb7fe1217aed442b04c0f5e43b5d5a7d3287097",
        "is_verified": false,
        "line_number": 64
      },
      {
        "type": "Secret Keyword",
        "filename": "scripts/testing/run_test_suite.py",
        "hashed_secret": "3acfb2c2b433c0ea7ff107e33df91b18e52f960f",
        "is_verified": false,
        "line_number": 65
      }
    ],
    "scripts/validate_order_management_complete.py": [
      {
        "type": "Secret Keyword",
        "filename": "scripts/validate_order_management_complete.py",
        "hashed_secret": "afc848c316af1a89d49826c5ae9d00ed769415f3",
        "is_verified": false,
        "line_number": 23
      }
    ],
    "scripts/validate_security.py": [
      {
        "type": "Secret Keyword",
        "filename": "scripts/validate_security.py",
        "hashed_secret": "d238394ad09a73e57868326e3cc34ea19bd3a1fb",
        "is_verified": false,
        "line_number": 302
      },
      {
        "type": "Secret Keyword",
        "filename": "scripts/validate_security.py",
        "hashed_secret": "afc848c316af1a89d49826c5ae9d00ed769415f3",
        "is_verified": false,
        "line_number": 311
      }
    ],
    "scripts/validation/test_fxcm_connectivity_standalone.py": [
      {
        "type": "Secret Keyword",
        "filename": "scripts/validation/test_fxcm_connectivity_standalone.py",
        "hashed_secret": "069a84a906017cfc18e8805925d77299536ed25f",
        "is_verified": false,
        "line_number": 144
      }
    ],
    "setup_test_env.sh": [
      {
        "type": "Secret Keyword",
        "filename": "setup_test_env.sh",
        "hashed_secret": "d4e0e04792fd434b5dc9c4155c178f66edcf4ed3",
        "is_verified": false,
        "line_number": 4
      },
      {
        "type": "Secret Keyword",
        "filename": "setup_test_env.sh",
        "hashed_secret": "afc848c316af1a89d49826c5ae9d00ed769415f3",
        "is_verified": false,
        "line_number": 10
      },
      {
        "type": "Secret Keyword",
        "filename": "setup_test_env.sh",
        "hashed_secret": "3acfb2c2b433c0ea7ff107e33df91b18e52f960f",
        "is_verified": false,
        "line_number": 11
      }
    ],
    "tests/README.md": [
      {
        "type": "Secret Keyword",
        "filename": "tests/README.md",
        "hashed_secret": "fe1bae27cb7c1fb823f496f286e78f1d2ae87734",
        "is_verified": false,
        "line_number": 135
      }
    ],
    "tests/api/test_auth.py": [
      {
        "type": "Secret Keyword",
        "filename": "tests/api/test_auth.py",
        "hashed_secret": "e8662cfb96bd9c7fe84c31d76819ec3a92c80e63",
        "is_verified": false,
        "line_number": 33
      },
      {
        "type": "Secret Keyword",
        "filename": "tests/api/test_auth.py",
        "hashed_secret": "5baa61e4c9b93f3f0682250b6cf8331b7ee68fd8",
        "is_verified": false,
        "line_number": 42
      }
    ],
    "tests/api/test_authentication_security.py": [
      {
        "type": "Secret Keyword",
        "filename": "tests/api/test_authentication_security.py",
        "hashed_secret": "a91d32095e803c9049b9eb549a8de4e19b1c0508",
        "is_verified": false,
        "line_number": 96
      },
      {
        "type": "Secret Keyword",
        "filename": "tests/api/test_authentication_security.py",
        "hashed_secret": "5953c3f757e803555b717e9c5c308aa7d76fb5b7",
        "is_verified": false,
        "line_number": 102
      },
      {
        "type": "Secret Keyword",
        "filename": "tests/api/test_authentication_security.py",
        "hashed_secret": "7e6328bed4d38047629382aefddc5b25162416c9",
        "is_verified": false,
        "line_number": 108
      },
      {
        "type": "Secret Keyword",
        "filename": "tests/api/test_authentication_security.py",
        "hashed_secret": "e8662cfb96bd9c7fe84c31d76819ec3a92c80e63",
        "is_verified": false,
        "line_number": 114
      },
      {
        "type": "Secret Keyword",
        "filename": "tests/api/test_authentication_security.py",
        "hashed_secret": "e9e4a6d29515c8e53e4df7bc6646a23237b8f862",
        "is_verified": false,
        "line_number": 486
      },
      {
        "type": "Private Key",
        "filename": "tests/api/test_authentication_security.py",
        "hashed_secret": "be4fc4886bd949b369d5e092eb87494f12e57e5b",
        "is_verified": false,
        "line_number": 962
      }
    ],
    "tests/api/test_contract_validation.py": [
      {
        "type": "Secret Keyword",
        "filename": "tests/api/test_contract_validation.py",
        "hashed_secret": "5a0aee0f3af308cd6d74d617fde6592c2bc94fa3",
        "is_verified": false,
        "line_number": 90
      },
      {
        "type": "Secret Keyword",
        "filename": "tests/api/test_contract_validation.py",
        "hashed_secret": "e8662cfb96bd9c7fe84c31d76819ec3a92c80e63",
        "is_verified": false,
        "line_number": 94
      }
    ],
    "tests/api_contract/contract_models.py": [
      {
        "type": "Secret Keyword",
        "filename": "tests/api_contract/contract_models.py",
        "hashed_secret": "fca71afec681b7c2932610046e8e524820317e47",
        "is_verified": false,
        "line_number": 43
      }
    ],
    "tests/auth/test_authentication_consolidated.py": [
      {
        "type": "Secret Keyword",
        "filename": "tests/auth/test_authentication_consolidated.py",
        "hashed_secret": "ab3eb0f868f05373c611a6c904ae319ff0772c0c",
        "is_verified": false,
        "line_number": 301
      }
    ],
    "tests/broker_integration_tests.py": [
      {
        "type": "Secret Keyword",
        "filename": "tests/broker_integration_tests.py",
        "hashed_secret": "a94a8fe5ccb19ba61c4c0873d391e987982fbbd3",
        "is_verified": false,
        "line_number": 388
      }
    ],
    "tests/config/test_config.py": [
      {
        "type": "Secret Keyword",
        "filename": "tests/config/test_config.py",
        "hashed_secret": "7cc91f76721b04ef6fd32a6ffa79da47ffa26fdf",
        "is_verified": false,
        "line_number": 120
      }
    ],
    "tests/config/test_config.yaml": [
      {
        "type": "Secret Keyword",
        "filename": "tests/config/test_config.yaml",
        "hashed_secret": "9fb7fe1217aed442b04c0f5e43b5d5a7d3287097",
        "is_verified": false,
        "line_number": 16
      }
    ],
    "tests/conftest.py": [
      {
        "type": "Secret Keyword",
        "filename": "tests/conftest.py",
        "hashed_secret": "c94d65f02a652d11c2e5c2e1ccf38dce5a076e1e",
        "is_verified": false,
        "line_number": 113
      },
      {
        "type": "Basic Auth Credentials",
        "filename": "tests/conftest.py",
        "hashed_secret": "c94d65f02a652d11c2e5c2e1ccf38dce5a076e1e",
        "is_verified": false,
        "line_number": 502
      }
    ],
    "tests/e2e/test_compliance_audit_trail_e2e.py": [
      {
        "type": "Secret Keyword",
        "filename": "tests/e2e/test_compliance_audit_trail_e2e.py",
        "hashed_secret": "3725351b4e2b9ad91e7adf631da3553c6a62fc8f",
        "is_verified": false,
        "line_number": 769
      }
    ],
    "tests/e2e/test_critical_user_journeys.py": [
      {
        "type": "Secret Keyword",
        "filename": "tests/e2e/test_critical_user_journeys.py",
        "hashed_secret": "2c36151e1ad205d7b215c02632dfe0566036c469",
        "is_verified": false,
        "line_number": 58
      },
      {
        "type": "Secret Keyword",
        "filename": "tests/e2e/test_critical_user_journeys.py",
        "hashed_secret": "2af90dca3a3dfa24c2e45f4d796b8403355588f0",
        "is_verified": false,
        "line_number": 73
      },
      {
        "type": "Secret Keyword",
        "filename": "tests/e2e/test_critical_user_journeys.py",
        "hashed_secret": "9f80f3812ae0e6676ffaec2117fe075df386439b",
        "is_verified": false,
        "line_number": 207
      },
      {
        "type": "Secret Keyword",
        "filename": "tests/e2e/test_critical_user_journeys.py",
        "hashed_secret": "bc7d0af48032303599f08bd3942c3cad9768348f",
        "is_verified": false,
        "line_number": 349
      },
      {
        "type": "Secret Keyword",
        "filename": "tests/e2e/test_critical_user_journeys.py",
        "hashed_secret": "ab3eb0f868f05373c611a6c904ae319ff0772c0c",
        "is_verified": false,
        "line_number": 458
      },
      {
        "type": "Secret Keyword",
        "filename": "tests/e2e/test_critical_user_journeys.py",
        "hashed_secret": "4018c3f696e96bf0e030d4d50743954cf669b3c8",
        "is_verified": false,
        "line_number": 900
      },
      {
        "type": "Secret Keyword",
        "filename": "tests/e2e/test_critical_user_journeys.py",
        "hashed_secret": "4be9158f691bb58301ad343a0a3c592b18ffdc3d",
        "is_verified": false,
        "line_number": 910
      }
    ],
    "tests/fix/test_fix_protocol_comprehensive.py": [
      {
        "type": "Secret Keyword",
        "filename": "tests/fix/test_fix_protocol_comprehensive.py",
        "hashed_secret": "206c80413b9a96c1312cc346b7d2517b84463edd",
        "is_verified": false,
        "line_number": 294
      }
    ],
    "tests/fixtures/broker_fixtures.py": [
      {
        "type": "Secret Keyword",
        "filename": "tests/fixtures/broker_fixtures.py",
        "hashed_secret": "e1706fdd409a70c6400e2a1491aa6d266b4fa3e8",
        "is_verified": false,
        "line_number": 67
      },
      {
        "type": "Secret Keyword",
        "filename": "tests/fixtures/broker_fixtures.py",
        "hashed_secret": "1dec5257212947c96a204932cc28975f924bd946",
        "is_verified": false,
        "line_number": 103
      }
    ],
    "tests/functional/test_complete_workflow_e2e.py": [
      {
        "type": "Secret Keyword",
        "filename": "tests/functional/test_complete_workflow_e2e.py",
        "hashed_secret": "afc848c316af1a89d49826c5ae9d00ed769415f3",
        "is_verified": false,
        "line_number": 43
      },
      {
        "type": "Secret Keyword",
        "filename": "tests/functional/test_complete_workflow_e2e.py",
        "hashed_secret": "00942f4668670f34c5943cf52c7ef3139fe2b8d6",
        "is_verified": false,
        "line_number": 47
      }
    ],
    "tests/functional/test_data_pipeline_e2e.py": [
      {
        "type": "Secret Keyword",
        "filename": "tests/functional/test_data_pipeline_e2e.py",
        "hashed_secret": "afc848c316af1a89d49826c5ae9d00ed769415f3",
        "is_verified": false,
        "line_number": 39
      },
      {
        "type": "Secret Keyword",
        "filename": "tests/functional/test_data_pipeline_e2e.py",
        "hashed_secret": "00942f4668670f34c5943cf52c7ef3139fe2b8d6",
        "is_verified": false,
        "line_number": 43
      }
    ],
    "tests/integration/test_api_endpoints.py": [
      {
        "type": "Secret Keyword",
        "filename": "tests/integration/test_api_endpoints.py",
        "hashed_secret": "9fb7fe1217aed442b04c0f5e43b5d5a7d3287097",
        "is_verified": false,
        "line_number": 37
      }
    ],
    "tests/integration/test_core_trading_pipeline_comprehensive.py": [
      {
        "type": "Secret Keyword",
        "filename": "tests/integration/test_core_trading_pipeline_comprehensive.py",
        "hashed_secret": "c94d65f02a652d11c2e5c2e1ccf38dce5a076e1e",
        "is_verified": false,
        "line_number": 63
      }
    ],
    "tests/integration/test_end_to_end.py": [
      {
        "type": "Secret Keyword",
        "filename": "tests/integration/test_end_to_end.py",
        "hashed_secret": "35675e68f4b5af7b995d9205ad0fc43842f16450",
        "is_verified": false,
        "line_number": 182
      }
    ],
    "tests/integration/test_error_handling_edge_cases.py": [
      {
        "type": "Secret Keyword",
        "filename": "tests/integration/test_error_handling_edge_cases.py",
        "hashed_secret": "9fb7fe1217aed442b04c0f5e43b5d5a7d3287097",
        "is_verified": false,
        "line_number": 45
      }
    ],
    "tests/integration/test_fxcm_bridge_integration.py": [
      {
        "type": "Secret Keyword",
        "filename": "tests/integration/test_fxcm_bridge_integration.py",
        "hashed_secret": "00942f4668670f34c5943cf52c7ef3139fe2b8d6",
        "is_verified": false,
        "line_number": 242
      },
      {
        "type": "Secret Keyword",
        "filename": "tests/integration/test_fxcm_bridge_integration.py",
        "hashed_secret": "a94a8fe5ccb19ba61c4c0873d391e987982fbbd3",
        "is_verified": false,
        "line_number": 247
      },
      {
        "type": "Secret Keyword",
        "filename": "tests/integration/test_fxcm_bridge_integration.py",
        "hashed_secret": "d4af0b53fbb1c1e64e24042460ecc44675ec530b",
        "is_verified": false,
        "line_number": 693
      }
    ],
    "tests/integration/test_fxcm_containerized_connectivity.py": [
      {
        "type": "Secret Keyword",
        "filename": "tests/integration/test_fxcm_containerized_connectivity.py",
        "hashed_secret": "069a84a906017cfc18e8805925d77299536ed25f",
        "is_verified": false,
        "line_number": 63
      },
      {
        "type": "Secret Keyword",
        "filename": "tests/integration/test_fxcm_containerized_connectivity.py",
        "hashed_secret": "89e495e7941cf9e40e6980d14a16bf023ccd4c91",
        "is_verified": false,
        "line_number": 372
      }
    ],
    "tests/integration/test_ib_adapter_integration.py": [
      {
        "type": "Secret Keyword",
        "filename": "tests/integration/test_ib_adapter_integration.py",
        "hashed_secret": "35675e68f4b5af7b995d9205ad0fc43842f16450",
        "is_verified": false,
        "line_number": 75
      }
    ],
    "tests/integration/test_real_market_data_providers.py": [
      {
        "type": "Secret Keyword",
        "filename": "tests/integration/test_real_market_data_providers.py",
        "hashed_secret": "a9c35253f63fc84efab932cbf6cfa3d1379a4359",
        "is_verified": false,
        "line_number": 55
      },
      {
        "type": "Secret Keyword",
        "filename": "tests/integration/test_real_market_data_providers.py",
        "hashed_secret": "89e495e7941cf9e40e6980d14a16bf023ccd4c91",
        "is_verified": false,
        "line_number": 80
      }
    ],
    "tests/integration/test_signal_to_execution_flow.py": [
      {
        "type": "Secret Keyword",
        "filename": "tests/integration/test_signal_to_execution_flow.py",
        "hashed_secret": "9fb7fe1217aed442b04c0f5e43b5d5a7d3287097",
        "is_verified": false,
        "line_number": 39
      }
    ],
    "tests/integration/test_websocket_realtime.py": [
      {
        "type": "Secret Keyword",
        "filename": "tests/integration/test_websocket_realtime.py",
        "hashed_secret": "9fb7fe1217aed442b04c0f5e43b5d5a7d3287097",
        "is_verified": false,
        "line_number": 39
      }
    ],
    "tests/performance/PERFORMANCE_REGRESSION_GUIDE.md": [
      {
        "type": "Hex High Entropy String",
        "filename": "tests/performance/PERFORMANCE_REGRESSION_GUIDE.md",
        "hashed_secret": "b4c9248600a42f8c38c01b632f392dbcb4c7b19a",
        "is_verified": false,
        "line_number": 203
      }
    ],
    "tests/security/test_security_vulnerabilities.py": [
      {
        "type": "Secret Keyword",
        "filename": "tests/security/test_security_vulnerabilities.py",
        "hashed_secret": "e8662cfb96bd9c7fe84c31d76819ec3a92c80e63",
        "is_verified": false,
        "line_number": 364
      },
      {
        "type": "Secret Keyword",
        "filename": "tests/security/test_security_vulnerabilities.py",
        "hashed_secret": "5baa61e4c9b93f3f0682250b6cf8331b7ee68fd8",
        "is_verified": false,
        "line_number": 531
      }
    ],
    "tests/security_testing_suite.py": [
      {
        "type": "Secret Keyword",
        "filename": "tests/security_testing_suite.py",
        "hashed_secret": "d2478ea0713709e59c133717f077fb89ccf5792c",
        "is_verified": false,
        "line_number": 106
      }
    ],
    "tests/test_2fa_totp_system.py": [
      {
        "type": "Base64 High Entropy String",
        "filename": "tests/test_2fa_totp_system.py",
        "hashed_secret": "6a40fbb3bd3c0673c9bff6ad305c8181d648a9bb",
        "is_verified": false,
        "line_number": 381
      }
    ],
    "tests/test_alpha_vantage_feed.py": [
      {
        "type": "Secret Keyword",
        "filename": "tests/test_alpha_vantage_feed.py",
        "hashed_secret": "89e495e7941cf9e40e6980d14a16bf023ccd4c91",
        "is_verified": false,
        "line_number": 18
      }
    ],
    "tests/test_api_contract_comprehensive.py": [
      {
        "type": "Secret Keyword",
        "filename": "tests/test_api_contract_comprehensive.py",
        "hashed_secret": "1cf4c502ddd89b918c4bfefea76dadd590693b48",
        "is_verified": false,
        "line_number": 382
      }
    ],
    "tests/test_cicd_pipeline.py": [
      {
        "type": "Hex High Entropy String",
        "filename": "tests/test_cicd_pipeline.py",
        "hashed_secret": "90bd1b48e958257948487b90bee080ba5ed00caa",
        "is_verified": false,
        "line_number": 352
      }
    ],
    "tests/test_disaster_recovery.py": [
      {
        "type": "Secret Keyword",
        "filename": "tests/test_disaster_recovery.py",
        "hashed_secret": "9fb7fe1217aed442b04c0f5e43b5d5a7d3287097",
        "is_verified": false,
        "line_number": 61
      }
    ],
    "tests/test_enhanced_token_manager.py": [
      {
        "type": "Secret Keyword",
        "filename": "tests/test_enhanced_token_manager.py",
        "hashed_secret": "3a09a1e13cab0216e45a65447fadd11caac3a3fb",
        "is_verified": false,
        "line_number": 54
      },
      {
        "type": "Secret Keyword",
        "filename": "tests/test_enhanced_token_manager.py",
        "hashed_secret": "02a05ed007e2028ef819a5a1be5b060497213eab",
        "is_verified": false,
        "line_number": 115
      }
    ],
    "tests/test_fxcm_adapter_simple.py": [
      {
        "type": "Secret Keyword",
        "filename": "tests/test_fxcm_adapter_simple.py",
        "hashed_secret": "c94d65f02a652d11c2e5c2e1ccf38dce5a076e1e",
        "is_verified": false,
        "line_number": 244
      }
    ],
    "tests/test_fxcm_broker_adapter.py": [
      {
        "type": "Secret Keyword",
        "filename": "tests/test_fxcm_broker_adapter.py",
        "hashed_secret": "069a84a906017cfc18e8805925d77299536ed25f",
        "is_verified": false,
        "line_number": 376
      }
    ],
    "tests/test_manual_execution_adapter.py": [
      {
        "type": "Basic Auth Credentials",
        "filename": "tests/test_manual_execution_adapter.py",
        "hashed_secret": "9d4e1e23bd5b727046a9e3b4b7db57bd8d6ee684",
        "is_verified": false,
        "line_number": 157
      }
    ],
    "tests/test_monitoring_alerting.py": [
      {
        "type": "Hex High Entropy String",
        "filename": "tests/test_monitoring_alerting.py",
        "hashed_secret": "90bd1b48e958257948487b90bee080ba5ed00caa",
        "is_verified": false,
        "line_number": 310
      }
    ],
    "tests/test_news_event_handling.py": [
      {
        "type": "Secret Keyword",
        "filename": "tests/test_news_event_handling.py",
        "hashed_secret": "767ef7376d44bb6e52b390ddcd12c1cb1b3902a4",
        "is_verified": false,
        "line_number": 556
      }
    ],
    "tests/test_quality_storage.py": [
      {
        "type": "Secret Keyword",
        "filename": "tests/test_quality_storage.py",
        "hashed_secret": "dbf423ffd1b03e4590dd20465277c319c8950868",
        "is_verified": false,
        "line_number": 312
      }
    ],
    "tests/test_rabbitmq_message_routing_simple.py": [
      {
        "type": "Basic Auth Credentials",
        "filename": "tests/test_rabbitmq_message_routing_simple.py",
        "hashed_secret": "35675e68f4b5af7b995d9205ad0fc43842f16450",
        "is_verified": false,
        "line_number": 158
      },
      {
        "type": "Basic Auth Credentials",
        "filename": "tests/test_rabbitmq_message_routing_simple.py",
        "hashed_secret": "9d4e1e23bd5b727046a9e3b4b7db57bd8d6ee684",
        "is_verified": false,
        "line_number": 169
      }
    ],
    "tests/test_security_framework.py": [
      {
        "type": "Secret Keyword",
        "filename": "tests/test_security_framework.py",
        "hashed_secret": "2303141ff96ad70d311f9b8971bba4dc7e106d91",
        "is_verified": false,
        "line_number": 30
      },
      {
        "type": "Secret Keyword",
        "filename": "tests/test_security_framework.py",
        "hashed_secret": "19986a28eec95368fbbbbb77b09803c321a0e771",
        "is_verified": false,
        "line_number": 89
      },
      {
        "type": "Secret Keyword",
        "filename": "tests/test_security_framework.py",
        "hashed_secret": "f38464c067284ad7d9963f55a3ef03587adb04b4",
        "is_verified": false,
        "line_number": 324
      }
    ],
    "tests/unit/api/auth/test_auth_comprehensive.py": [
      {
        "type": "Secret Keyword",
        "filename": "tests/unit/api/auth/test_auth_comprehensive.py",
        "hashed_secret": "5a0aee0f3af308cd6d74d617fde6592c2bc94fa3",
        "is_verified": false,
        "line_number": 42
      },
      {
        "type": "Secret Keyword",
        "filename": "tests/unit/api/auth/test_auth_comprehensive.py",
        "hashed_secret": "6d512cc3d1a73d1f0a7331746483447a60b9bd98",
        "is_verified": false,
        "line_number": 60
      },
      {
        "type": "Secret Keyword",
        "filename": "tests/unit/api/auth/test_auth_comprehensive.py",
        "hashed_secret": "2346ad27d7568ba9896f1b7da6b5991251debdf2",
        "is_verified": false,
        "line_number": 345
      },
      {
        "type": "Secret Keyword",
        "filename": "tests/unit/api/auth/test_auth_comprehensive.py",
        "hashed_secret": "49844492e3f38f1523fb8cf72ed22adc0ce01448",
        "is_verified": false,
        "line_number": 454
      },
      {
        "type": "Secret Keyword",
        "filename": "tests/unit/api/auth/test_auth_comprehensive.py",
        "hashed_secret": "c3e73169022dd345e8667711024714758328bc66",
        "is_verified": false,
        "line_number": 455
      },
      {
        "type": "Secret Keyword",
        "filename": "tests/unit/api/auth/test_auth_comprehensive.py",
        "hashed_secret": "99a7bae60aad851872d896757488e8f95946d97c",
        "is_verified": false,
        "line_number": 533
      },
      {
        "type": "Secret Keyword",
        "filename": "tests/unit/api/auth/test_auth_comprehensive.py",
        "hashed_secret": "bac785133a241291bccb4e5e9086cd15b7d4914d",
        "is_verified": false,
        "line_number": 549
      }
    ],
    "tests/unit/api/auth/test_auth_system.py": [
      {
        "type": "Secret Keyword",
        "filename": "tests/unit/api/auth/test_auth_system.py",
        "hashed_secret": "ea0c04513c32717f3a09ff7b1fa882c4d8424b2a",
        "is_verified": false,
        "line_number": 97
      },
      {
        "type": "Secret Keyword",
        "filename": "tests/unit/api/auth/test_auth_system.py",
        "hashed_secret": "5a0aee0f3af308cd6d74d617fde6592c2bc94fa3",
        "is_verified": false,
        "line_number": 232
      },
      {
        "type": "Secret Keyword",
        "filename": "tests/unit/api/auth/test_auth_system.py",
        "hashed_secret": "c196728100505b8a5f7287b62563c54405da70cd",
        "is_verified": false,
        "line_number": 279
      },
      {
        "type": "Secret Keyword",
        "filename": "tests/unit/api/auth/test_auth_system.py",
        "hashed_secret": "d24935b9b2f850387288cb90c42a226758e5b327",
        "is_verified": false,
        "line_number": 318
      }
    ],
    "tests/unit/brokers/adapters/test_base_adapter.py": [
      {
        "type": "Secret Keyword",
        "filename": "tests/unit/brokers/adapters/test_base_adapter.py",
        "hashed_secret": "9fb7fe1217aed442b04c0f5e43b5d5a7d3287097",
        "is_verified": false,
        "line_number": 216
      },
      {
        "type": "Secret Keyword",
        "filename": "tests/unit/brokers/adapters/test_base_adapter.py",
        "hashed_secret": "c94d65f02a652d11c2e5c2e1ccf38dce5a076e1e",
        "is_verified": false,
        "line_number": 360
      }
    ],
    "tests/unit/brokers/adapters/test_fix_adapter_consolidated.py": [
      {
        "type": "Secret Keyword",
        "filename": "tests/unit/brokers/adapters/test_fix_adapter_consolidated.py",
        "hashed_secret": "e1706fdd409a70c6400e2a1491aa6d266b4fa3e8",
        "is_verified": false,
        "line_number": 75
      }
    ],
    "tests/unit/brokers/adapters/test_fix_rabbitmq_adapter.py": [
      {
        "type": "Secret Keyword",
        "filename": "tests/unit/brokers/adapters/test_fix_rabbitmq_adapter.py",
        "hashed_secret": "c94d65f02a652d11c2e5c2e1ccf38dce5a076e1e",
        "is_verified": false,
        "line_number": 55
      },
      {
        "type": "Secret Keyword",
        "filename": "tests/unit/brokers/adapters/test_fix_rabbitmq_adapter.py",
        "hashed_secret": "e1706fdd409a70c6400e2a1491aa6d266b4fa3e8",
        "is_verified": false,
        "line_number": 59
      }
    ],
    "tests/unit/brokers/adapters/test_fxcm_adapter.py": [
      {
        "type": "Secret Keyword",
        "filename": "tests/unit/brokers/adapters/test_fxcm_adapter.py",
        "hashed_secret": "767ef7376d44bb6e52b390ddcd12c1cb1b3902a4",
        "is_verified": false,
        "line_number": 38
      },
      {
        "type": "Secret Keyword",
        "filename": "tests/unit/brokers/adapters/test_fxcm_adapter.py",
        "hashed_secret": "c94d65f02a652d11c2e5c2e1ccf38dce5a076e1e",
        "is_verified": false,
        "line_number": 40
      }
    ],
    "tests/unit/brokers/adapters/test_fxcm_standalone.py": [
      {
        "type": "Secret Keyword",
        "filename": "tests/unit/brokers/adapters/test_fxcm_standalone.py",
        "hashed_secret": "767ef7376d44bb6e52b390ddcd12c1cb1b3902a4",
        "is_verified": false,
        "line_number": 40
      },
      {
        "type": "Secret Keyword",
        "filename": "tests/unit/brokers/adapters/test_fxcm_standalone.py",
        "hashed_secret": "c94d65f02a652d11c2e5c2e1ccf38dce5a076e1e",
        "is_verified": false,
        "line_number": 42
      },
      {
        "type": "Secret Keyword",
        "filename": "tests/unit/brokers/adapters/test_fxcm_standalone.py",
        "hashed_secret": "00942f4668670f34c5943cf52c7ef3139fe2b8d6",
        "is_verified": false,
        "line_number": 260
      },
      {
        "type": "Secret Keyword",
        "filename": "tests/unit/brokers/adapters/test_fxcm_standalone.py",
        "hashed_secret": "a94a8fe5ccb19ba61c4c0873d391e987982fbbd3",
        "is_verified": false,
        "line_number": 274
      }
    ],
    "tests/unit/brokers/messaging/test_reliable_queue.py": [
      {
        "type": "Basic Auth Credentials",
        "filename": "tests/unit/brokers/messaging/test_reliable_queue.py",
        "hashed_secret": "a94a8fe5ccb19ba61c4c0873d391e987982fbbd3",
        "is_verified": false,
        "line_number": 29
      }
    ],
    "tests/unit/config/test_config_unified.py": [
      {
        "type": "Basic Auth Credentials",
        "filename": "tests/unit/config/test_config_unified.py",
        "hashed_secret": "206c80413b9a96c1312cc346b7d2517b84463edd",
        "is_verified": false,
        "line_number": 521
      }
    ],
    "tests/unit/data_engineering/test_connection_pool.py": [
      {
        "type": "Secret Keyword",
        "filename": "tests/unit/data_engineering/test_connection_pool.py",
        "hashed_secret": "206c80413b9a96c1312cc346b7d2517b84463edd",
        "is_verified": false,
        "line_number": 33
      }
    ],
    "tests/unit/data_engineering/test_timescaledb_client.py": [
      {
        "type": "Secret Keyword",
        "filename": "tests/unit/data_engineering/test_timescaledb_client.py",
        "hashed_secret": "c94d65f02a652d11c2e5c2e1ccf38dce5a076e1e",
        "is_verified": false,
        "line_number": 30
      },
      {
        "type": "Secret Keyword",
        "filename": "tests/unit/data_engineering/test_timescaledb_client.py",
        "hashed_secret": "e5e9fa1ba31ecd1ae84f75caaa474f3a663f05f4",
        "is_verified": false,
        "line_number": 42
      },
      {
        "type": "Secret Keyword",
        "filename": "tests/unit/data_engineering/test_timescaledb_client.py",
        "hashed_secret": "afc848c316af1a89d49826c5ae9d00ed769415f3",
        "is_verified": false,
        "line_number": 74
      }
    ],
    "tests/unit/test_alpha_vantage_news.py": [
      {
        "type": "Secret Keyword",
        "filename": "tests/unit/test_alpha_vantage_news.py",
        "hashed_secret": "00942f4668670f34c5943cf52c7ef3139fe2b8d6",
        "is_verified": false,
        "line_number": 96
      }
    ],
    "tests/unit/test_automated_data_updates.py": [
      {
        "type": "Secret Keyword",
        "filename": "tests/unit/test_automated_data_updates.py",
        "hashed_secret": "767ef7376d44bb6e52b390ddcd12c1cb1b3902a4",
        "is_verified": false,
        "line_number": 60
      },
      {
        "type": "Secret Keyword",
        "filename": "tests/unit/test_automated_data_updates.py",
        "hashed_secret": "00942f4668670f34c5943cf52c7ef3139fe2b8d6",
        "is_verified": false,
        "line_number": 291
      }
    ],
    "tests/unit/test_enhanced_production_system_v2.py": [
      {
        "type": "Secret Keyword",
        "filename": "tests/unit/test_enhanced_production_system_v2.py",
        "hashed_secret": "00942f4668670f34c5943cf52c7ef3139fe2b8d6",
        "is_verified": false,
        "line_number": 35
      }
    ],
    "tests/unit/test_fix_protocol_comprehensive.py": [
      {
        "type": "Secret Keyword",
        "filename": "tests/unit/test_fix_protocol_comprehensive.py",
        "hashed_secret": "c94d65f02a652d11c2e5c2e1ccf38dce5a076e1e",
        "is_verified": false,
        "line_number": 294
      }
    ],
    "tests/unit/test_fix_utilities_comprehensive.py": [
      {
        "type": "Secret Keyword",
        "filename": "tests/unit/test_fix_utilities_comprehensive.py",
        "hashed_secret": "c94d65f02a652d11c2e5c2e1ccf38dce5a076e1e",
        "is_verified": false,
        "line_number": 193
      }
    ],
    "tests/unit/test_fxcm_bridge_adapter.py": [
      {
        "type": "Secret Keyword",
        "filename": "tests/unit/test_fxcm_bridge_adapter.py",
        "hashed_secret": "a94a8fe5ccb19ba61c4c0873d391e987982fbbd3",
        "is_verified": false,
        "line_number": 53
      },
      {
        "type": "Basic Auth Credentials",
        "filename": "tests/unit/test_fxcm_bridge_adapter.py",
        "hashed_secret": "9d4e1e23bd5b727046a9e3b4b7db57bd8d6ee684",
        "is_verified": false,
        "line_number": 70
      }
    ],
    "tests/unit/test_ib_rabbitmq_adapter.py": [
      {
        "type": "Secret Keyword",
        "filename": "tests/unit/test_ib_rabbitmq_adapter.py",
        "hashed_secret": "35675e68f4b5af7b995d9205ad0fc43842f16450",
        "is_verified": false,
        "line_number": 120
      }
    ],
    "tests/unit/test_infrastructure_health_monitor.py": [
      {
        "type": "Secret Keyword",
        "filename": "tests/unit/test_infrastructure_health_monitor.py",
        "hashed_secret": "d4af0b53fbb1c1e64e24042460ecc44675ec530b",
        "is_verified": false,
        "line_number": 707
      }
    ],
    "tests/unit/test_market_data.py": [
      {
        "type": "Secret Keyword",
        "filename": "tests/unit/test_market_data.py",
        "hashed_secret": "9fb7fe1217aed442b04c0f5e43b5d5a7d3287097",
        "is_verified": false,
        "line_number": 35
      },
      {
        "type": "Secret Keyword",
        "filename": "tests/unit/test_market_data.py",
        "hashed_secret": "00942f4668670f34c5943cf52c7ef3139fe2b8d6",
        "is_verified": false,
        "line_number": 42
      }
    ],
    "tests/unit/test_rabbitmq_base_adapter.py": [
      {
        "type": "Basic Auth Credentials",
        "filename": "tests/unit/test_rabbitmq_base_adapter.py",
        "hashed_secret": "35675e68f4b5af7b995d9205ad0fc43842f16450",
        "is_verified": false,
        "line_number": 59
      },
      {
        "type": "Basic Auth Credentials",
        "filename": "tests/unit/test_rabbitmq_base_adapter.py",
        "hashed_secret": "9d4e1e23bd5b727046a9e3b4b7db57bd8d6ee684",
        "is_verified": false,
        "line_number": 78
      }
    ],
    "tests/utils/test_helpers.py": [
      {
        "type": "Basic Auth Credentials",
        "filename": "tests/utils/test_helpers.py",
        "hashed_secret": "a94a8fe5ccb19ba61c4c0873d391e987982fbbd3",
        "is_verified": false,
        "line_number": 613
      }
    ],
    "tests_standalone/unit/brokers/adapters/test_base_only.py": [
      {
        "type": "Secret Keyword",
        "filename": "tests_standalone/unit/brokers/adapters/test_base_only.py",
        "hashed_secret": "b9615cef6cff3572af1365ff44c8b92ea9266f3e",
        "is_verified": false,
        "line_number": 62
      },
      {
        "type": "Secret Keyword",
        "filename": "tests_standalone/unit/brokers/adapters/test_base_only.py",
        "hashed_secret": "9d4e1e23bd5b727046a9e3b4b7db57bd8d6ee684",
        "is_verified": false,
        "line_number": 105
      }
    ],
    "tests_standalone/unit/brokers/adapters/test_broker_adapters_comprehensive.py": [
      {
        "type": "Secret Keyword",
        "filename": "tests_standalone/unit/brokers/adapters/test_broker_adapters_comprehensive.py",
        "hashed_secret": "a94a8fe5ccb19ba61c4c0873d391e987982fbbd3",
        "is_verified": false,
        "line_number": 72
      }
    ],
    "tests_standalone/unit/brokers/adapters/test_fxcm_tdd.py": [
      {
        "type": "Secret Keyword",
        "filename": "tests_standalone/unit/brokers/adapters/test_fxcm_tdd.py",
        "hashed_secret": "05b81155ec9a335549bdaea635aa5a49467872dc",
        "is_verified": false,
        "line_number": 48
      },
      {
        "type": "Secret Keyword",
        "filename": "tests_standalone/unit/brokers/adapters/test_fxcm_tdd.py",
        "hashed_secret": "069a84a906017cfc18e8805925d77299536ed25f",
        "is_verified": false,
        "line_number": 53
      },
      {
        "type": "Secret Keyword",
        "filename": "tests_standalone/unit/brokers/adapters/test_fxcm_tdd.py",
        "hashed_secret": "a94a8fe5ccb19ba61c4c0873d391e987982fbbd3",
        "is_verified": false,
        "line_number": 312
      }
    ]
  },
  "generated_at": "2025-09-16T01:18:13Z"
}
